Test write: 2025-09-19 15:40:08
